[4m>>>> Executing external compose provider "/usr/bin/podman-compose". Please see podman-compose(1) for how to disable this message. <<<<

[0m[streaming] live Open3D odometry async worker started (queue_size=32, queue-bounded, motion_prior=False, motion_gate=False)
[streaming] TUMRosbag: 120 synced frames from /mnt/cps_persistent1_shared/datasets/public/TUM/tum_rgbd/freiburg1_xyz/rosbag/rgbd_dataset_freiburg1_xyz.bag (color=798, depth=798, sync=accepted=120 | reject_depth=452 | reject_pose=0 | reused_depth=0 | rgb-depth dt: med=0.26ms p95=4.75ms max=4.99ms | est_offset=-3.75ms, pose_source=open3d_odometry_live, motion_prior=False, motion_gate=False, sync_report=output/tum_ablation_sweeps/tum_odom_20260520_c/runs/odom_freiburg1_xyz_hybrid_sync5/rosbag_sync_report.json)
[streaming] live Open3D odometry source_frame=1 successes=1 failures=0 method=hybrid stride=1 motion_prior=False motion_gate=False dt=0.1179m dr=7.59deg info_trace=4.079e+05
[streaming] live Open3D odometry source_frame=50 successes=50 failures=0 method=hybrid stride=1 motion_prior=False motion_gate=False dt=0.0053m dr=1.05deg info_trace=1.947e+06
[streaming] live Open3D odometry source_frame=100 successes=100 failures=0 method=hybrid stride=1 motion_prior=False motion_gate=False dt=0.0080m dr=0.90deg info_trace=1.157e+06
[streaming] OrbbecRosBag: saved Open3D odometry cache output/tum_ablation_sweeps/tum_odom_20260520_c/runs/odom_freiburg1_xyz_hybrid_sync5/open3d_odometry_cache/f3731a084f401b20a9067ca6.npz
{
  "method": "hybrid_sync5",
  "source_path": "/mnt/cps_persistent1_shared/datasets/public/TUM/tum_rgbd/freiburg1_xyz/rosbag/rgbd_dataset_freiburg1_xyz.bag",
  "n_frames": 120,
  "n_invalid_or_missing": 0,
  "distance_m": 2.5011408921872875,
  "gt_distance_m": 2.5898743466934513,
  "association": {
    "n_matches": 120,
    "max_dt": 0.03,
    "dt_mean": 0.0019389708836873372,
    "dt_abs_p95": 0.004470920562744141,
    "dt_abs_max": 0.0046617984771728516
  },
  "gt_tum_path": "/mnt/cps_persistent1_shared/datasets/public/TUM/tum_rgbd/freiburg1_xyz/groundtruth/rgbd_dataset_freiburg1_xyz-groundtruth.txt",
  "ate_rmse": 0.027377011586161154,
  "ate_mean": 0.01639068558254206,
  "rpe_trans_rmse": 0.025858546697885856,
  "rpe_rot_deg_rmse": 1.1577602763584212
}
