Optimizing output/sweep_all_scenes/orbbec_bags__navigation__floor2
[streaming] Camera profile 'orbbec_femto_bolt':
  streaming_min_depth: 0.1 -> 0.3
  streaming_max_depth: 8.0 -> 5.0
  streaming_depth_consistency_thresh: 0.05 -> 0.03
  streaming_depth_edge_threshold: 0.02 -> 0.015
  streaming_depth_stride: 8 -> 4
  streaming_depth_loss_weight: 0.05 -> 0.1
  streaming_free_space_loss_weight: 0.0 -> 0.01
  streaming_max_new_gaussians_per_frame: 1000 -> 2000 [17/05 17:04:30]
Traceback (most recent call last):
  File "/workspace/3dgs-mcmc/train.py", line 1497, in <module>
    training(lp.extract(args), op.extract(args), pp.extract(args), args.test_iterations, args.save_iterations, args.checkpoint_iterations, args.start_checkpoint, args.debug_from, args.sh_degree_schedule, run_args=args)
  File "/workspace/3dgs-mcmc/train.py", line 364, in training
    return streaming_training(
           ^^^^^^^^^^^^^^^^^^^
  File "/workspace/3dgs-mcmc/train_streaming.py", line 1263, in streaming_training
    frame_source = make_frame_source(dataset.source_path, args)
                   ^^^^^^^^^^^^^^^^^^^^^^^^^^^^^^^^^^^^^^^^^^^^
  File "/workspace/3dgs-mcmc/utils/streaming_frames.py", line 964, in make_frame_source
    return OrbbecRosBagFrameSource(
           ^^^^^^^^^^^^^^^^^^^^^^^^
  File "/workspace/3dgs-mcmc/utils/streaming_frames.py", line 779, in __init__
    raise ValueError(
ValueError: [streaming] OrbbecRosBagFrameSource: no '/camera_pose' topic found in /datasets/christian/embedding_map/bags/navigation/floor2.
  Available topics: ['/camera/color/camera_info', '/camera/color/image_raw/compressed', '/camera/depth/camera_info', '/camera/depth/image_raw/compressed', '/camera/imu', '/cmd_vel_out', '/map', '/odom', '/scan', '/speed_fb', '/tf', '/tf_static']
  Only slam bags (with /camera_pose) are supported. Navigation bags do not provide camera poses.
Optimizing output/sweep_all_scenes/orbbec_bags__navigation__floor2
[streaming] Camera profile 'orbbec_femto_bolt':
  streaming_min_depth: 0.1 -> 0.3
  streaming_max_depth: 8.0 -> 5.0
  streaming_depth_consistency_thresh: 0.05 -> 0.03
  streaming_depth_edge_threshold: 0.02 -> 0.015
  streaming_depth_stride: 8 -> 4
  streaming_depth_loss_weight: 0.05 -> 0.1
  streaming_free_space_loss_weight: 0.0 -> 0.01
  streaming_max_new_gaussians_per_frame: 1000 -> 2000 [17/05 17:10:04]
Traceback (most recent call last):
  File "/workspace/3dgs-mcmc/train.py", line 1497, in <module>
    training(lp.extract(args), op.extract(args), pp.extract(args), args.test_iterations, args.save_iterations, args.checkpoint_iterations, args.start_checkpoint, args.debug_from, args.sh_degree_schedule, run_args=args)
  File "/workspace/3dgs-mcmc/train.py", line 364, in training
    return streaming_training(
           ^^^^^^^^^^^^^^^^^^^
  File "/workspace/3dgs-mcmc/train_streaming.py", line 1263, in streaming_training
    frame_source = make_frame_source(dataset.source_path, args)
                   ^^^^^^^^^^^^^^^^^^^^^^^^^^^^^^^^^^^^^^^^^^^^
  File "/workspace/3dgs-mcmc/utils/streaming_frames.py", line 964, in make_frame_source
    return OrbbecRosBagFrameSource(
           ^^^^^^^^^^^^^^^^^^^^^^^^
  File "/workspace/3dgs-mcmc/utils/streaming_frames.py", line 779, in __init__
    raise ValueError(
ValueError: [streaming] OrbbecRosBagFrameSource: no '/camera_pose' topic found in /datasets/christian/embedding_map/bags/navigation/floor2.
  Available topics: ['/camera/color/camera_info', '/camera/color/image_raw/compressed', '/camera/depth/camera_info', '/camera/depth/image_raw/compressed', '/camera/imu', '/cmd_vel_out', '/map', '/odom', '/scan', '/speed_fb', '/tf', '/tf_static']
  Only slam bags (with /camera_pose) are supported. Navigation bags do not provide camera poses.
