Optimizing output/step3_bootstrap_anchor_smoke
[streaming] Camera profile 'orbbec_femto_bolt':
  streaming_min_depth: 0.1 -> 0.3
  streaming_max_depth: 8.0 -> 5.0
  streaming_depth_consistency_thresh: 0.05 -> 0.03
  streaming_depth_edge_threshold: 0.02 -> 0.015
  streaming_depth_stride: 8 -> 4
  streaming_depth_loss_weight: 0.05 -> 0.1
  streaming_free_space_loss_weight: 0.0 -> 0.01 [19/05 12:09:06]
[streaming] OrbbecRosBag: loaded Open3D odometry cache output/test_streaming_bootstrap_motion_no_mcmc_smoke/odom_cache/c7fd7b5053c2e0c672622ab5.npz [19/05 12:09:06]
[streaming] OrbbecRosBag: 10 synced frames from /mnt/cps_persistent1_shared/datasets/christian/embedding_map/bags/slam/kitchen1_slam (color=2056, depth=2055, pose=0, pose_source=open3d_odometry_live) [19/05 12:09:06]
[streaming] Bootstrapping from 3 frame(s)... [19/05 12:09:06]
Number of points at initialisation :  131250 [19/05 12:09:07]
[streaming] Initial seed point cloud exported (131250 points) [19/05 12:09:07]
[streaming] Initialised 131250 Gaussians from 3 frames, scene radius=3.349 [19/05 12:09:07]
[compiled-kernels] torch.compile disabled (--compile_mode=off) [19/05 12:09:07]
[streaming] Starting: strategy=gsplat_energy_mcmc optimizer=selective_adam sparse=True steps_per_frame=5 wallclock=False [19/05 12:09:07]
[streaming] Dataset: 10 frames. Iterations to cover all frames: 65 (budget=30, covers 46%). Remaining frames will be flushed post-loop. [19/05 12:09:07]
Streaming training:   0%|          | 0/30 [00:00<?, ?it/s]/workspace/3dgs-mcmc/utils/energy_mcmc.py:40: UserWarning: The .grad attribute of a Tensor that is not a leaf Tensor is being accessed. Its .grad attribute won't be populated during autograd.backward(). If you indeed want the .grad field to be populated for a non-leaf Tensor, use .retain_grad() on the non-leaf Tensor. If you access the non-leaf Tensor by mistake, make sure you access the leaf Tensor instead. See github.com/pytorch/pytorch/pull/30531 for more information. (Triggered internally at /pytorch/build/aten/src/ATen/core/TensorBody.h:492.)
  return _dense_grad(getattr(gaussians, legacy_attr).grad)
Streaming training:   0%|          | 0/30 [00:08<?, ?it/s, Loss=0.4663887, N=131251, F=6]Streaming training:  33%|###3      | 10/30 [00:08<00:17,  1.15it/s, Loss=0.4663887, N=131251, F=6][bootstrap-motion] iter=12 stage=total n=131250 mean=0.01092m p95=0.02438m max=0.05332m >2cm=13326 >5cm=5 >10cm=0 [19/05 12:09:17]
[bootstrap-motion] iter=13 stage=total n=131250 mean=0.01133m p95=0.02537m max=0.05758m >2cm=15046 >5cm=15 >10cm=0 [19/05 12:09:17]
[bootstrap-motion] iter=14 stage=total n=131250 mean=0.01169m p95=0.02627m max=0.06218m >2cm=16642 >5cm=46 >10cm=0 [19/05 12:09:17]
[bootstrap-motion] iter=15 stage=total n=131250 mean=0.01202m p95=0.02707m max=0.06662m >2cm=18041 >5cm=92 >10cm=0 [19/05 12:09:17]
[bootstrap-motion] iter=16 stage=total n=131250 mean=0.01232m p95=0.02778m max=0.07053m >2cm=19267 >5cm=142 >10cm=0 [19/05 12:09:17]
[bootstrap-motion] iter=17 stage=total n=131250 mean=0.01259m p95=0.02840m max=0.07404m >2cm=20378 >5cm=204 >10cm=0 [19/05 12:09:17]
[bootstrap-motion] iter=18 stage=total n=131250 mean=0.01284m p95=0.02897m max=0.07697m >2cm=21362 >5cm=271 >10cm=0 [19/05 12:09:18]
[bootstrap-motion] iter=19 stage=total n=131250 mean=0.01309m p95=0.02957m max=0.08079m >2cm=22333 >5cm=345 >10cm=0 [19/05 12:09:18]
[bootstrap-motion] iter=20 stage=total n=131250 mean=0.01332m p95=0.03014m max=0.08177m >2cm=23313 >5cm=410 >10cm=0 [19/05 12:09:18]
Streaming training:  33%|###3      | 10/30 [00:09<00:17,  1.15it/s, Loss=0.4011018, N=131252, F=8]Streaming training:  67%|######6   | 20/30 [00:09<00:04,  2.38it/s, Loss=0.4011018, N=131252, F=8][bootstrap-motion] iter=21 stage=total n=131250 mean=0.01354m p95=0.03065m max=0.08275m >2cm=24293 >5cm=494 >10cm=0 [19/05 12:09:18]
[bootstrap-motion] iter=22 stage=total n=131250 mean=0.01375m p95=0.03113m max=0.08330m >2cm=25150 >5cm=572 >10cm=0 [19/05 12:09:18]
[bootstrap-motion] iter=23 stage=total n=131250 mean=0.01394m p95=0.03156m max=0.08354m >2cm=26035 >5cm=648 >10cm=0 [19/05 12:09:18]
[bootstrap-motion] iter=24 stage=total n=131250 mean=0.01411m p95=0.03195m max=0.08671m >2cm=26740 >5cm=722 >10cm=0 [19/05 12:09:18]
[bootstrap-motion] iter=25 stage=total n=131250 mean=0.01428m p95=0.03233m max=0.09103m >2cm=27527 >5cm=814 >10cm=0 [19/05 12:09:18]
[bootstrap-motion] iter=26 stage=total n=131250 mean=0.01444m p95=0.03274m max=0.09523m >2cm=28281 >5cm=891 >10cm=0 [19/05 12:09:18]
[bootstrap-motion] iter=27 stage=total n=131250 mean=0.01461m p95=0.03316m max=0.09902m >2cm=29003 >5cm=974 >10cm=0 [19/05 12:09:18]
[bootstrap-motion] iter=28 stage=total n=131250 mean=0.01478m p95=0.03354m max=0.10267m >2cm=29717 >5cm=1047 >10cm=1 [19/05 12:09:19]
[bootstrap-motion] iter=29 stage=total n=131250 mean=0.01494m p95=0.03388m max=0.10621m >2cm=30383 >5cm=1137 >10cm=2 [19/05 12:09:19]
[bootstrap-motion] iter=30 stage=total n=131250 mean=0.01494m p95=0.03388m max=0.10621m >2cm=30383 >5cm=1137 >10cm=2 [19/05 12:09:19]
Streaming training:  67%|######6   | 20/30 [00:10<00:04,  2.38it/s, Loss=0.3333574, N=131252, F=10]Streaming training: 100%|##########| 30/30 [00:10<00:00,  3.66it/s, Loss=0.3333574, N=131252, F=10]Streaming training: 100%|##########| 30/30 [00:10<00:00,  2.80it/s, Loss=0.3333574, N=131252, F=10]

[ITER 30] Saving Gaussians [19/05 12:09:19]
[streaming] Keyframe admission: 6/6 admitted (100.0%) — forced=0 moved=0 novel=6 rej_overlap=0 rej_motion=0 [19/05 12:09:19]
[report] iter=30 test PSNR mean=11.83dB min=11.77 max=11.89 (3/3 views) [19/05 12:09:56]
[report] iter=30 test LPIPS mean=0.6596 min=0.6564 max=0.6631 [19/05 12:09:56]
[report] iter=30 train PSNR mean=11.83dB min=11.77 max=11.89 (3/3 views) [19/05 12:09:58]
[report] iter=30 train LPIPS mean=0.6596 min=0.6564 max=0.6631 [19/05 12:09:58]
[report] iter=30 no trajectory views selected — skipping trajectory MP4 [19/05 12:09:58]
[trajectory_eval] → output/step3_bootstrap_anchor_smoke/trajectory_eval  n=9 ATE=None [19/05 12:09:58]

[streaming] Training complete. [19/05 12:09:58]

Training complete. [19/05 12:09:58]
