Optimizing /workspace/3dgs-mcmc/output/tum_fr1_desk_full
Output folder: /workspace/3dgs-mcmc/output/tum_fr1_desk_full [12/05 06:07:43]
Found TUM RGB-D dataset layout. [12/05 06:07:43]
Loaded TUM cameras: 596 skipped=0 [12/05 06:07:45]
Loading Training Cameras [12/05 06:07:46]
Loading Test Cameras [12/05 06:07:47]
Number of points at initialisation :  57961 [12/05 06:07:47]
[parallelism] profile=safe model_layout=gsplat optimizer=selective_adam sparse_grad=True sparse_policy=active_set sh_backend=python sh_update_interval=16 [12/05 06:07:47]
[sparse] active-set training enabled: sparse grads preserved, active-set regularizers, active-set energy losses, active-set MCMC noise [12/05 06:07:47]
[compiled-kernels] torch.compile disabled (--compile_mode=off) [12/05 06:07:47]
[sparse] first-iter grad layouts: {'means': 'torch.sparse_coo', 'scales': 'torch.strided', 'quats': 'torch.sparse_coo', 'opacities': 'torch.strided', 'sh0': 'torch.strided', 'shN': 'None'} [12/05 06:07:51]
[progress] iter=500 loss=0.1771696 it/s=50.56 sh=0 [12/05 06:07:57]

[ITER 500] Saving Gaussians [12/05 06:07:57]
[geo] iter=500 N=57961 LSOM=0.0060 OSF=0.0000 mean_sup=0.4162 [12/05 06:07:57]
[gsplat-energy-mcmc] iter=500 mode=energy relocated=0 added=0 factor=1.0782 grow_int=53 N=57961->57961 lr=0.000216363 [12/05 06:07:57]
[progress] iter=1000 loss=0.1721127 it/s=77.67 sh=1 [12/05 06:08:04]

[ITER 1000] Saving Gaussians [12/05 06:08:04]
[geo] iter=1000 N=75805 LSOM=0.0150 OSF=0.0000 mean_sup=0.3585 [12/05 06:08:04]
[gsplat-energy-mcmc] iter=1000 mode=energy relocated=0 added=0 factor=1.0595 grow_int=346 N=75805->75805 lr=0.000200378 [12/05 06:08:04]
[progress] iter=1500 loss=0.1170595 it/s=76.67 sh=1 [12/05 06:08:10]
[geo] iter=1500 N=79779 LSOM=0.0139 OSF=0.0000 mean_sup=0.3462 [12/05 06:08:10]
[gsplat-energy-mcmc] iter=1500 mode=energy relocated=0 added=0 factor=1.0483 grow_int=592 N=79779->79779 lr=0.000185573 [12/05 06:08:10]
[progress] iter=2000 loss=0.1192780 it/s=80.33 sh=2 [12/05 06:08:16]

[ITER 2000] Saving Gaussians [12/05 06:08:16]
[geo] iter=2000 N=83157 LSOM=0.0188 OSF=0.0000 mean_sup=0.3371 [12/05 06:08:16]
[gsplat-energy-mcmc] iter=2000 mode=energy relocated=0 added=0 factor=1.0392 grow_int=799 N=83157->83157 lr=0.000171863 [12/05 06:08:16]

[ITER 2000] Saving Checkpoint [12/05 06:08:16]
[progress] iter=2500 loss=0.1265218 it/s=72.27 sh=2 [12/05 06:08:23]
[geo] iter=2500 N=83157 LSOM=0.0138 OSF=0.0000 mean_sup=0.3449 [12/05 06:08:23]
[gsplat-energy-mcmc] iter=2500 mode=energy relocated=0 added=0 factor=1.0324 grow_int=967 N=83157->83157 lr=0.000159166 [12/05 06:08:23]
[progress] iter=3000 loss=0.1378019 it/s=75.42 sh=3 [12/05 06:08:30]
[geo] iter=3000 N=85776 LSOM=0.0193 OSF=0.0000 mean_sup=0.2882 [12/05 06:08:30]
[gsplat-energy-mcmc] iter=3000 mode=energy relocated=0 added=0 factor=1.0265 grow_int=1112 N=85776->85776 lr=0.000147406 [12/05 06:08:30]
[progress] iter=3500 loss=0.1010963 it/s=63.79 sh=3 [12/05 06:08:38]
[geo] iter=3500 N=85776 LSOM=0.0204 OSF=0.0000 mean_sup=0.2738 [12/05 06:08:38]
[gsplat-energy-mcmc] iter=3500 mode=energy relocated=0 added=0 factor=1.0219 grow_int=1227 N=85776->85776 lr=0.000136516 [12/05 06:08:38]
[progress] iter=4000 loss=0.0981126 it/s=62.55 sh=3 [12/05 06:08:46]

[ITER 4000] Saving Gaussians [12/05 06:08:46]
[geo] iter=4000 N=87606 LSOM=0.0223 OSF=0.0000 mean_sup=0.2377 [12/05 06:08:46]
[gsplat-energy-mcmc] iter=4000 mode=energy relocated=0 added=0 factor=1.0179 grow_int=1328 N=87606->87606 lr=0.00012643 [12/05 06:08:46]

[ITER 4000] Saving Checkpoint [12/05 06:08:46]
[progress] iter=4500 loss=0.1092934 it/s=60.34 sh=3 [12/05 06:08:54]
[geo] iter=4500 N=87606 LSOM=0.0193 OSF=0.0000 mean_sup=0.2313 [12/05 06:08:54]
[gsplat-energy-mcmc] iter=4500 mode=energy relocated=0 added=0 factor=1.0148 grow_int=1407 N=87606->87606 lr=0.000117089 [12/05 06:08:54]
[progress] iter=5000 loss=0.1198699 it/s=62.65 sh=3 [12/05 06:09:02]
[geo] iter=5000 N=88760 LSOM=0.0249 OSF=0.0000 mean_sup=0.2212 [12/05 06:09:02]
[gsplat-energy-mcmc] iter=5000 mode=energy relocated=0 added=0 factor=1.0122 grow_int=1477 N=88760->88760 lr=0.000108438 [12/05 06:09:02]
[progress] iter=5500 loss=0.1019974 it/s=62.61 sh=3 [12/05 06:09:10]
[geo] iter=5500 N=88760 LSOM=0.0263 OSF=0.0000 mean_sup=0.1997 [12/05 06:09:10]
[gsplat-energy-mcmc] iter=5500 mode=energy relocated=0 added=0 factor=1.0101 grow_int=1531 N=88760->88760 lr=0.000100427 [12/05 06:09:10]
[progress] iter=6000 loss=0.1010939 it/s=62.36 sh=3 [12/05 06:09:18]

[ITER 6000] Saving Gaussians [12/05 06:09:18]
[geo] iter=6000 N=88760 LSOM=0.0270 OSF=0.0000 mean_sup=0.1975 [12/05 06:09:18]
[gsplat-energy-mcmc] iter=6000 mode=energy relocated=0 added=0 factor=1.0083 grow_int=1575 N=88760->88760 lr=9.30071e-05 [12/05 06:09:18]

[ITER 6000] Saving Checkpoint [12/05 06:09:18]
[progress] iter=6500 loss=0.1051005 it/s=59.81 sh=3 [12/05 06:09:26]
[geo] iter=6500 N=89429 LSOM=0.0233 OSF=0.0000 mean_sup=0.1799 [12/05 06:09:26]
[gsplat-energy-mcmc] iter=6500 mode=energy relocated=0 added=0 factor=1.0069 grow_int=1615 N=89429->89429 lr=8.61356e-05 [12/05 06:09:26]

[ITER 7000] Evaluating train: L1 0.05471463352441788 PSNR 21.08928031921387 [12/05 06:09:36]
[progress] iter=7000 loss=0.1129839 it/s=55.05 sh=3 [12/05 06:09:36]

[ITER 7000] Saving Gaussians [12/05 06:09:36]
[geo] iter=7000 N=89429 LSOM=0.0330 OSF=0.0000 mean_sup=0.1745 [12/05 06:09:36]
[gsplat-energy-mcmc] iter=7000 mode=energy relocated=0 added=0 factor=1.0057 grow_int=1646 N=89429->89429 lr=7.97718e-05 [12/05 06:09:36]
[progress] iter=7500 loss=0.1092336 it/s=58.80 sh=3 [12/05 06:09:44]
[geo] iter=7500 N=89429 LSOM=0.0332 OSF=0.0001 mean_sup=0.1720 [12/05 06:09:44]
[gsplat-energy-mcmc] iter=7500 mode=energy relocated=0 added=0 factor=1.0047 grow_int=1671 N=89429->89429 lr=7.38781e-05 [12/05 06:09:44]
[progress] iter=8000 loss=0.1357948 it/s=61.79 sh=3 [12/05 06:09:52]

[ITER 8000] Saving Gaussians [12/05 06:09:52]
[geo] iter=8000 N=89795 LSOM=0.0341 OSF=0.0000 mean_sup=0.1528 [12/05 06:09:52]
[gsplat-energy-mcmc] iter=8000 mode=energy relocated=0 added=0 factor=1.0039 grow_int=1694 N=89795->89795 lr=6.84199e-05 [12/05 06:09:52]

[ITER 8000] Saving Checkpoint [12/05 06:09:52]
[progress] iter=8500 loss=0.1122091 it/s=59.54 sh=3 [12/05 06:10:01]
[geo] iter=8500 N=89795 LSOM=0.0369 OSF=0.0002 mean_sup=0.1490 [12/05 06:10:01]
[gsplat-energy-mcmc] iter=8500 mode=energy relocated=0 added=0 factor=1.0039 grow_int=1694 N=89795->89795 lr=6.3365e-05 [12/05 06:10:01]
[progress] iter=9000 loss=0.1189502 it/s=61.73 sh=3 [12/05 06:10:09]
[geo] iter=9000 N=89795 LSOM=0.0386 OSF=0.0002 mean_sup=0.1399 [12/05 06:10:09]
[gsplat-energy-mcmc] iter=9000 mode=energy relocated=0 added=0 factor=1.0039 grow_int=1694 N=89795->89795 lr=5.86835e-05 [12/05 06:10:09]
[progress] iter=9500 loss=0.1000544 it/s=60.76 sh=3 [12/05 06:10:17]
[geo] iter=9500 N=89795 LSOM=0.0327 OSF=0.0002 mean_sup=0.1369 [12/05 06:10:17]
[gsplat-energy-mcmc] iter=9500 mode=energy relocated=0 added=0 factor=1.0039 grow_int=1694 N=89795->89795 lr=5.43479e-05 [12/05 06:10:17]
[progress] iter=10000 loss=0.1074484 it/s=61.60 sh=3 [12/05 06:10:25]

[ITER 10000] Saving Gaussians [12/05 06:10:25]
[geo] iter=10000 N=89795 LSOM=0.0389 OSF=0.0000 mean_sup=0.1342 [12/05 06:10:25]
[gsplat-energy-mcmc] iter=10000 mode=energy relocated=0 added=0 factor=1.0039 grow_int=1694 N=89795->89795 lr=5.03326e-05 [12/05 06:10:25]

[ITER 10000] Saving Checkpoint [12/05 06:10:25]
[progress] iter=10500 loss=0.1048262 it/s=59.17 sh=3 [12/05 06:10:33]
[geo] iter=10500 N=89795 LSOM=0.0417 OSF=0.0001 mean_sup=0.1346 [12/05 06:10:33]
[gsplat-energy-mcmc] iter=10500 mode=energy relocated=0 added=0 factor=1.0039 grow_int=1694 N=89795->89795 lr=4.6614e-05 [12/05 06:10:33]
[progress] iter=11000 loss=0.1073991 it/s=61.59 sh=3 [12/05 06:10:42]
[geo] iter=11000 N=89795 LSOM=0.0406 OSF=0.0000 mean_sup=0.1331 [12/05 06:10:42]
[gsplat-energy-mcmc] iter=11000 mode=energy relocated=0 added=0 factor=1.0039 grow_int=1694 N=89795->89795 lr=4.31701e-05 [12/05 06:10:42]
[progress] iter=11500 loss=0.1366151 it/s=61.54 sh=3 [12/05 06:10:50]
[geo] iter=11500 N=89795 LSOM=0.0409 OSF=0.0001 mean_sup=0.1195 [12/05 06:10:50]
[gsplat-energy-mcmc] iter=11500 mode=energy relocated=0 added=0 factor=1.0039 grow_int=1694 N=89795->89795 lr=3.99806e-05 [12/05 06:10:50]
[progress] iter=12000 loss=0.1146058 it/s=60.58 sh=3 [12/05 06:10:58]

[ITER 12000] Saving Gaussians [12/05 06:10:58]
[geo] iter=12000 N=89795 LSOM=0.0425 OSF=0.0001 mean_sup=0.1260 [12/05 06:10:58]
[gsplat-energy-mcmc] iter=12000 mode=energy relocated=0 added=0 factor=1.0039 grow_int=1694 N=89795->89795 lr=3.70268e-05 [12/05 06:10:58]

[ITER 12000] Saving Checkpoint [12/05 06:10:58]
[progress] iter=12500 loss=0.1106076 it/s=59.48 sh=3 [12/05 06:11:06]
[geo] iter=12500 N=89795 LSOM=0.0429 OSF=0.0001 mean_sup=0.1188 [12/05 06:11:06]
[gsplat-energy-mcmc] iter=12500 mode=energy relocated=0 added=0 factor=1.0039 grow_int=1694 N=89795->89795 lr=3.42912e-05 [12/05 06:11:06]
[progress] iter=13000 loss=0.1110797 it/s=61.97 sh=3 [12/05 06:11:14]
[geo] iter=13000 N=89795 LSOM=0.0451 OSF=0.0001 mean_sup=0.1142 [12/05 06:11:14]
[gsplat-energy-mcmc] iter=13000 mode=energy relocated=0 added=0 factor=1.0039 grow_int=1694 N=89795->89795 lr=3.17577e-05 [12/05 06:11:14]
[progress] iter=13500 loss=0.0923800 it/s=61.74 sh=3 [12/05 06:11:23]
[geo] iter=13500 N=89795 LSOM=0.0431 OSF=0.0001 mean_sup=0.1219 [12/05 06:11:23]
[gsplat-energy-mcmc] iter=13500 mode=energy relocated=0 added=0 factor=1.0039 grow_int=1694 N=89795->89795 lr=2.94114e-05 [12/05 06:11:23]
[progress] iter=14000 loss=0.0924505 it/s=61.85 sh=3 [12/05 06:11:31]

[ITER 14000] Saving Gaussians [12/05 06:11:31]
[geo] iter=14000 N=89795 LSOM=0.0440 OSF=0.0001 mean_sup=0.1139 [12/05 06:11:31]
[gsplat-energy-mcmc] iter=14000 mode=energy relocated=0 added=0 factor=1.0039 grow_int=1694 N=89795->89795 lr=2.72385e-05 [12/05 06:11:31]

[ITER 14000] Saving Checkpoint [12/05 06:11:31]
[progress] iter=14500 loss=0.1051791 it/s=59.31 sh=3 [12/05 06:11:39]
[geo] iter=14500 N=89795 LSOM=0.0448 OSF=0.0001 mean_sup=0.1146 [12/05 06:11:39]
[gsplat-energy-mcmc] iter=14500 mode=energy relocated=0 added=0 factor=1.0039 grow_int=1694 N=89795->89795 lr=2.52261e-05 [12/05 06:11:39]
[progress] iter=15000 loss=0.0893731 it/s=61.74 sh=3 [12/05 06:11:47]
[geo] iter=15000 N=89795 LSOM=0.0452 OSF=0.0001 mean_sup=0.1077 [12/05 06:11:47]
[gsplat-energy-mcmc] iter=15000 mode=energy relocated=0 added=0 factor=1.0039 grow_int=1694 N=89795->89795 lr=2.33623e-05 [12/05 06:11:47]
[progress] iter=15500 loss=0.1264312 it/s=61.83 sh=3 [12/05 06:11:55]
[geo] iter=15500 N=89795 LSOM=0.0464 OSF=0.0001 mean_sup=0.1155 [12/05 06:11:55]
[gsplat-energy-mcmc] iter=15500 mode=energy relocated=0 added=0 factor=1.0039 grow_int=1694 N=89795->89795 lr=2.16363e-05 [12/05 06:11:55]
[progress] iter=16000 loss=0.1098733 it/s=61.90 sh=3 [12/05 06:12:03]

[ITER 16000] Saving Gaussians [12/05 06:12:03]
[geo] iter=16000 N=89795 LSOM=0.0466 OSF=0.0001 mean_sup=0.1051 [12/05 06:12:03]
[gsplat-energy-mcmc] iter=16000 mode=energy relocated=0 added=0 factor=1.0039 grow_int=1694 N=89795->89795 lr=2.00378e-05 [12/05 06:12:03]

[ITER 16000] Saving Checkpoint [12/05 06:12:03]
[progress] iter=16500 loss=0.0982323 it/s=59.81 sh=3 [12/05 06:12:12]
[geo] iter=16500 N=89795 LSOM=0.0483 OSF=0.0001 mean_sup=0.1035 [12/05 06:12:12]
[gsplat-energy-mcmc] iter=16500 mode=energy relocated=0 added=0 factor=1.0039 grow_int=1694 N=89795->89795 lr=1.85574e-05 [12/05 06:12:12]
[progress] iter=17000 loss=0.0981770 it/s=61.76 sh=3 [12/05 06:12:20]
[geo] iter=17000 N=89795 LSOM=0.0476 OSF=0.0001 mean_sup=0.1083 [12/05 06:12:20]
[gsplat-energy-mcmc] iter=17000 mode=energy relocated=0 added=0 factor=1.0039 grow_int=1694 N=89795->89795 lr=1.71863e-05 [12/05 06:12:20]
[progress] iter=17500 loss=0.1109888 it/s=61.76 sh=3 [12/05 06:12:28]
[geo] iter=17500 N=89795 LSOM=0.0464 OSF=0.0001 mean_sup=0.1118 [12/05 06:12:28]
[gsplat-energy-mcmc] iter=17500 mode=energy relocated=0 added=0 factor=1.0039 grow_int=1694 N=89795->89795 lr=1.59166e-05 [12/05 06:12:28]
[progress] iter=18000 loss=0.1255076 it/s=61.74 sh=3 [12/05 06:12:36]

[ITER 18000] Saving Gaussians [12/05 06:12:36]
[geo] iter=18000 N=89795 LSOM=0.0485 OSF=0.0001 mean_sup=0.1035 [12/05 06:12:36]
[gsplat-energy-mcmc] iter=18000 mode=energy relocated=0 added=0 factor=1.0039 grow_int=1694 N=89795->89795 lr=1.47406e-05 [12/05 06:12:36]

[ITER 18000] Saving Checkpoint [12/05 06:12:36]
[progress] iter=18500 loss=0.1147489 it/s=59.22 sh=3 [12/05 06:12:44]
[geo] iter=18500 N=89795 LSOM=0.0441 OSF=0.0001 mean_sup=0.1050 [12/05 06:12:44]
[gsplat-energy-mcmc] iter=18500 mode=energy relocated=0 added=0 factor=1.0039 grow_int=1694 N=89795->89795 lr=1.36516e-05 [12/05 06:12:44]
[progress] iter=19000 loss=0.1009856 it/s=61.82 sh=3 [12/05 06:12:52]
[geo] iter=19000 N=89795 LSOM=0.0486 OSF=0.0001 mean_sup=0.1037 [12/05 06:12:52]
[gsplat-energy-mcmc] iter=19000 mode=energy relocated=0 added=0 factor=1.0039 grow_int=1694 N=89795->89795 lr=1.2643e-05 [12/05 06:12:52]
[progress] iter=19500 loss=0.1056003 it/s=61.88 sh=3 [12/05 06:13:01]
[geo] iter=19500 N=89795 LSOM=0.0485 OSF=0.0001 mean_sup=0.1105 [12/05 06:13:01]
[gsplat-energy-mcmc] iter=19500 mode=energy relocated=0 added=0 factor=1.0039 grow_int=1694 N=89795->89795 lr=1.17089e-05 [12/05 06:13:01]
[progress] iter=20000 loss=0.1480569 it/s=61.66 sh=3 [12/05 06:13:09]

[ITER 20000] Saving Gaussians [12/05 06:13:09]
[geo] iter=20000 N=89795 LSOM=0.0502 OSF=0.0001 mean_sup=0.1060 [12/05 06:13:09]
[gsplat-energy-mcmc] iter=20000 mode=energy relocated=0 added=0 factor=1.0039 grow_int=1694 N=89795->89795 lr=1.08438e-05 [12/05 06:13:09]

[ITER 20000] Saving Checkpoint [12/05 06:13:09]
[progress] iter=20500 loss=0.1151428 it/s=59.55 sh=3 [12/05 06:13:17]
[geo] iter=20500 N=89795 LSOM=0.0493 OSF=0.0002 mean_sup=0.0964 [12/05 06:13:17]
[gsplat-energy-mcmc] iter=20500 mode=energy relocated=0 added=0 factor=1.0039 grow_int=1694 N=89795->89795 lr=1.00427e-05 [12/05 06:13:17]
[progress] iter=21000 loss=0.1041962 it/s=61.74 sh=3 [12/05 06:13:25]
[geo] iter=21000 N=89795 LSOM=0.0485 OSF=0.0001 mean_sup=0.1107 [12/05 06:13:25]
[gsplat-energy-mcmc] iter=21000 mode=energy relocated=0 added=0 factor=1.0039 grow_int=1694 N=89795->89795 lr=9.30071e-06 [12/05 06:13:25]
[progress] iter=21500 loss=0.0881596 it/s=62.05 sh=3 [12/05 06:13:33]
[geo] iter=21500 N=89795 LSOM=0.0488 OSF=0.0001 mean_sup=0.1012 [12/05 06:13:33]
[gsplat-energy-mcmc] iter=21500 mode=energy relocated=0 added=0 factor=1.0039 grow_int=1694 N=89795->89795 lr=8.61356e-06 [12/05 06:13:33]
[progress] iter=22000 loss=0.0919647 it/s=61.70 sh=3 [12/05 06:13:41]

[ITER 22000] Saving Gaussians [12/05 06:13:41]
[geo] iter=22000 N=89795 LSOM=0.0484 OSF=0.0001 mean_sup=0.0963 [12/05 06:13:41]
[gsplat-energy-mcmc] iter=22000 mode=energy relocated=0 added=0 factor=1.0039 grow_int=1694 N=89795->89795 lr=7.97718e-06 [12/05 06:13:41]

[ITER 22000] Saving Checkpoint [12/05 06:13:41]
[progress] iter=22500 loss=0.1243782 it/s=59.63 sh=3 [12/05 06:13:50]
[geo] iter=22500 N=89795 LSOM=0.0485 OSF=0.0001 mean_sup=0.1045 [12/05 06:13:50]
[gsplat-energy-mcmc] iter=22500 mode=energy relocated=0 added=0 factor=1.0039 grow_int=1694 N=89795->89795 lr=7.38782e-06 [12/05 06:13:50]
[progress] iter=23000 loss=0.1123472 it/s=61.57 sh=3 [12/05 06:13:58]
[geo] iter=23000 N=89795 LSOM=0.0487 OSF=0.0001 mean_sup=0.1002 [12/05 06:13:58]
[gsplat-energy-mcmc] iter=23000 mode=energy relocated=0 added=0 factor=1.0039 grow_int=1694 N=89795->89795 lr=6.842e-06 [12/05 06:13:58]
[progress] iter=23500 loss=0.1117169 it/s=61.59 sh=3 [12/05 06:14:06]
[geo] iter=23500 N=89795 LSOM=0.0496 OSF=0.0001 mean_sup=0.1025 [12/05 06:14:06]
[gsplat-energy-mcmc] iter=23500 mode=energy relocated=0 added=0 factor=1.0039 grow_int=1694 N=89795->89795 lr=6.3365e-06 [12/05 06:14:06]
[progress] iter=24000 loss=0.1035147 it/s=61.55 sh=3 [12/05 06:14:14]

[ITER 24000] Saving Gaussians [12/05 06:14:14]
[geo] iter=24000 N=89795 LSOM=0.0465 OSF=0.0001 mean_sup=0.0986 [12/05 06:14:14]
[gsplat-energy-mcmc] iter=24000 mode=energy relocated=0 added=0 factor=1.0039 grow_int=1694 N=89795->89795 lr=5.86835e-06 [12/05 06:14:14]

[ITER 24000] Saving Checkpoint [12/05 06:14:14]
[progress] iter=24500 loss=0.0952610 it/s=59.23 sh=3 [12/05 06:14:23]
[geo] iter=24500 N=89795 LSOM=0.0478 OSF=0.0001 mean_sup=0.1001 [12/05 06:14:23]
[gsplat-energy-mcmc] iter=24500 mode=energy relocated=0 added=0 factor=1.0039 grow_int=1694 N=89795->89795 lr=5.43479e-06 [12/05 06:14:23]
[progress] iter=25000 loss=0.1255049 it/s=61.59 sh=3 [12/05 06:14:31]
[geo] iter=25000 N=89795 LSOM=0.0487 OSF=0.0001 mean_sup=0.1018 [12/05 06:14:31]
[gsplat-energy-mcmc] iter=25000 mode=energy relocated=0 added=0 factor=1.0039 grow_int=1694 N=89795->89795 lr=5.03326e-06 [12/05 06:14:31]
[progress] iter=25500 loss=0.1291325 it/s=61.58 sh=3 [12/05 06:14:39]
[geo] iter=25500 N=89795 LSOM=0.0490 OSF=0.0001 mean_sup=0.1007 [12/05 06:14:39]
[gsplat-energy-mcmc] iter=25500 mode=energy relocated=0 added=0 factor=1.0039 grow_int=1694 N=89795->89795 lr=4.6614e-06 [12/05 06:14:39]
[progress] iter=26000 loss=0.0949095 it/s=61.43 sh=3 [12/05 06:14:47]

[ITER 26000] Saving Gaussians [12/05 06:14:47]
[geo] iter=26000 N=89795 LSOM=0.0495 OSF=0.0001 mean_sup=0.1040 [12/05 06:14:47]
[gsplat-energy-mcmc] iter=26000 mode=energy relocated=0 added=0 factor=1.0039 grow_int=1694 N=89795->89795 lr=4.31701e-06 [12/05 06:14:47]

[ITER 26000] Saving Checkpoint [12/05 06:14:47]
[progress] iter=26500 loss=0.1202891 it/s=59.38 sh=3 [12/05 06:14:55]
[geo] iter=26500 N=89795 LSOM=0.0495 OSF=0.0001 mean_sup=0.0930 [12/05 06:14:55]
[gsplat-energy-mcmc] iter=26500 mode=energy relocated=0 added=0 factor=1.0039 grow_int=1694 N=89795->89795 lr=3.99806e-06 [12/05 06:14:55]
[progress] iter=27000 loss=0.0946511 it/s=61.28 sh=3 [12/05 06:15:03]
[geo] iter=27000 N=89795 LSOM=0.0483 OSF=0.0001 mean_sup=0.0969 [12/05 06:15:03]
[gsplat-energy-mcmc] iter=27000 mode=energy relocated=0 added=0 factor=1.0039 grow_int=1694 N=89795->89795 lr=3.70268e-06 [12/05 06:15:03]
[progress] iter=27500 loss=0.1256936 it/s=61.62 sh=3 [12/05 06:15:12]
[geo] iter=27500 N=89795 LSOM=0.0495 OSF=0.0001 mean_sup=0.0974 [12/05 06:15:12]
[gsplat-energy-mcmc] iter=27500 mode=energy relocated=0 added=0 factor=1.0039 grow_int=1694 N=89795->89795 lr=3.42912e-06 [12/05 06:15:12]
[progress] iter=28000 loss=0.1107874 it/s=61.70 sh=3 [12/05 06:15:20]

[ITER 28000] Saving Gaussians [12/05 06:15:20]
[geo] iter=28000 N=89795 LSOM=0.0499 OSF=0.0001 mean_sup=0.0970 [12/05 06:15:20]
[gsplat-energy-mcmc] iter=28000 mode=energy relocated=0 added=0 factor=1.0039 grow_int=1694 N=89795->89795 lr=3.17577e-06 [12/05 06:15:20]

[ITER 28000] Saving Checkpoint [12/05 06:15:20]
[progress] iter=28500 loss=0.1096238 it/s=59.91 sh=3 [12/05 06:15:28]
[geo] iter=28500 N=89795 LSOM=0.0554 OSF=0.0001 mean_sup=0.1001 [12/05 06:15:28]
[gsplat-energy-mcmc] iter=28500 mode=energy relocated=0 added=0 factor=1.0039 grow_int=1694 N=89795->89795 lr=2.94114e-06 [12/05 06:15:28]
[progress] iter=29000 loss=0.1172673 it/s=62.10 sh=3 [12/05 06:15:36]
[geo] iter=29000 N=89795 LSOM=0.0502 OSF=0.0001 mean_sup=0.0975 [12/05 06:15:36]
[gsplat-energy-mcmc] iter=29000 mode=energy relocated=0 added=0 factor=1.0039 grow_int=1694 N=89795->89795 lr=2.72385e-06 [12/05 06:15:36]
[progress] iter=29500 loss=0.1079249 it/s=61.97 sh=3 [12/05 06:15:44]
[geo] iter=29500 N=89795 LSOM=0.0496 OSF=0.0001 mean_sup=0.0966 [12/05 06:15:44]
[gsplat-energy-mcmc] iter=29500 mode=energy relocated=0 added=0 factor=1.0039 grow_int=1694 N=89795->89795 lr=2.52261e-06 [12/05 06:15:44]

[ITER 30000] Evaluating train: L1 0.0450105756521225 PSNR 21.98484573364258 [12/05 06:15:53]
[progress] iter=30000 loss=0.1164292 it/s=59.18 sh=3 [12/05 06:15:53]

[ITER 30000] Saving Gaussians [12/05 06:15:53]
[geo] iter=30000 N=89795 LSOM=0.0506 OSF=0.0001 mean_sup=0.1030 [12/05 06:15:53]
[gsplat-energy-mcmc] iter=30000 mode=energy relocated=0 added=0 factor=1.0039 grow_int=1694 N=89795->89795 lr=2.33623e-06 [12/05 06:15:53]

[ITER 30000] Saving Checkpoint [12/05 06:15:53]

Training complete. [12/05 06:15:53]
