Optimizing output/step3_grad_mask_smoke
[streaming] Camera profile 'orbbec_femto_bolt':
  streaming_min_depth: 0.1 -> 0.3
  streaming_max_depth: 8.0 -> 5.0
  streaming_depth_consistency_thresh: 0.05 -> 0.03
  streaming_depth_edge_threshold: 0.02 -> 0.015
  streaming_depth_stride: 8 -> 4
  streaming_depth_loss_weight: 0.05 -> 0.1
  streaming_free_space_loss_weight: 0.0 -> 0.01 [19/05 12:14:25]
[streaming] OrbbecRosBag: loaded Open3D odometry cache output/test_streaming_bootstrap_motion_no_mcmc_smoke/odom_cache/c7fd7b5053c2e0c672622ab5.npz [19/05 12:14:25]
[streaming] OrbbecRosBag: 10 synced frames from /mnt/cps_persistent1_shared/datasets/christian/embedding_map/bags/slam/kitchen1_slam (color=2056, depth=2055, pose=0, pose_source=open3d_odometry_live) [19/05 12:14:25]
[streaming] Bootstrapping from 3 frame(s)... [19/05 12:14:25]
Number of points at initialisation :  131250 [19/05 12:14:26]
[streaming] Initial seed point cloud exported (131250 points) [19/05 12:14:26]
[streaming] Initialised 131250 Gaussians from 3 frames, scene radius=3.349 [19/05 12:14:26]
[compiled-kernels] torch.compile disabled (--compile_mode=off) [19/05 12:14:26]
[streaming] Starting: strategy=gsplat_energy_mcmc optimizer=selective_adam sparse=True steps_per_frame=5 wallclock=False [19/05 12:14:26]
[streaming] Dataset: 10 frames. Iterations to cover all frames: 65 (budget=30, covers 46%). Remaining frames will be flushed post-loop. [19/05 12:14:26]
Streaming training:   0%|          | 0/30 [00:00<?, ?it/s]/workspace/3dgs-mcmc/utils/energy_mcmc.py:40: UserWarning: The .grad attribute of a Tensor that is not a leaf Tensor is being accessed. Its .grad attribute won't be populated during autograd.backward(). If you indeed want the .grad field to be populated for a non-leaf Tensor, use .retain_grad() on the non-leaf Tensor. If you access the non-leaf Tensor by mistake, make sure you access the leaf Tensor instead. See github.com/pytorch/pytorch/pull/30531 for more information. (Triggered internally at /pytorch/build/aten/src/ATen/core/TensorBody.h:492.)
  return _dense_grad(getattr(gaussians, legacy_attr).grad)
Streaming training:   0%|          | 0/30 [00:08<?, ?it/s, Loss=0.4663917, N=131251, F=6]Streaming training:  33%|###3      | 10/30 [00:08<00:17,  1.15it/s, Loss=0.4663917, N=131251, F=6][bootstrap-motion] iter=12 stage=total n=131250 mean=0.01093m p95=0.02441m max=0.05336m >2cm=13417 >5cm=5 >10cm=0 [19/05 12:14:36]
[bootstrap-motion] iter=13 stage=total n=131250 mean=0.01135m p95=0.02544m max=0.05784m >2cm=15106 >5cm=15 >10cm=0 [19/05 12:14:36]
[bootstrap-motion] iter=14 stage=total n=131250 mean=0.01171m p95=0.02635m max=0.06215m >2cm=16725 >5cm=41 >10cm=0 [19/05 12:14:36]
[bootstrap-motion] iter=15 stage=total n=131250 mean=0.01204m p95=0.02715m max=0.06602m >2cm=18129 >5cm=93 >10cm=0 [19/05 12:14:36]
[bootstrap-motion] iter=16 stage=total n=131250 mean=0.01234m p95=0.02789m max=0.06926m >2cm=19314 >5cm=146 >10cm=0 [19/05 12:14:37]
[bootstrap-motion] iter=17 stage=total n=131250 mean=0.01260m p95=0.02849m max=0.07221m >2cm=20453 >5cm=204 >10cm=0 [19/05 12:14:37]
[bootstrap-motion] iter=18 stage=total n=131250 mean=0.01286m p95=0.02906m max=0.07468m >2cm=21458 >5cm=264 >10cm=0 [19/05 12:14:37]
[bootstrap-motion] iter=19 stage=total n=131250 mean=0.01311m p95=0.02967m max=0.07751m >2cm=22457 >5cm=343 >10cm=0 [19/05 12:14:37]
[bootstrap-motion] iter=20 stage=total n=131250 mean=0.01334m p95=0.03024m max=0.08065m >2cm=23433 >5cm=422 >10cm=0 [19/05 12:14:37]
Streaming training:  33%|###3      | 10/30 [00:09<00:17,  1.15it/s, Loss=0.4010297, N=131252, F=8]Streaming training:  67%|######6   | 20/30 [00:09<00:04,  2.38it/s, Loss=0.4010297, N=131252, F=8][bootstrap-motion] iter=21 stage=total n=131250 mean=0.01355m p95=0.03076m max=0.08360m >2cm=24332 >5cm=497 >10cm=0 [19/05 12:14:37]
[bootstrap-motion] iter=22 stage=total n=131250 mean=0.01375m p95=0.03127m max=0.08668m >2cm=25173 >5cm=579 >10cm=0 [19/05 12:14:37]
[bootstrap-motion] iter=23 stage=total n=131250 mean=0.01394m p95=0.03174m max=0.08880m >2cm=25949 >5cm=671 >10cm=0 [19/05 12:14:37]
[bootstrap-motion] iter=24 stage=total n=131250 mean=0.01411m p95=0.03216m max=0.08988m >2cm=26727 >5cm=751 >10cm=0 [19/05 12:14:37]
[bootstrap-motion] iter=25 stage=total n=131250 mean=0.01428m p95=0.03253m max=0.09125m >2cm=27424 >5cm=836 >10cm=0 [19/05 12:14:37]
[bootstrap-motion] iter=26 stage=total n=131250 mean=0.01445m p95=0.03292m max=0.09539m >2cm=28180 >5cm=899 >10cm=0 [19/05 12:14:37]
[bootstrap-motion] iter=27 stage=total n=131250 mean=0.01462m p95=0.03332m max=0.09872m >2cm=28903 >5cm=972 >10cm=0 [19/05 12:14:38]
[bootstrap-motion] iter=28 stage=total n=131250 mean=0.01479m p95=0.03368m max=0.10213m >2cm=29664 >5cm=1045 >10cm=1 [19/05 12:14:38]
[bootstrap-motion] iter=29 stage=total n=131250 mean=0.01495m p95=0.03406m max=0.10580m >2cm=30296 >5cm=1122 >10cm=2 [19/05 12:14:38]
[bootstrap-motion] iter=30 stage=total n=131250 mean=0.01495m p95=0.03406m max=0.10580m >2cm=30296 >5cm=1122 >10cm=2 [19/05 12:14:38]
Streaming training:  67%|######6   | 20/30 [00:10<00:04,  2.38it/s, Loss=0.3333295, N=131252, F=10]Streaming training: 100%|##########| 30/30 [00:10<00:00,  3.67it/s, Loss=0.3333295, N=131252, F=10]Streaming training: 100%|##########| 30/30 [00:10<00:00,  2.80it/s, Loss=0.3333295, N=131252, F=10]

[ITER 30] Saving Gaussians [19/05 12:14:38]
[streaming] Keyframe admission: 6/6 admitted (100.0%) — forced=0 moved=0 novel=6 rej_overlap=0 rej_motion=0 [19/05 12:14:38]
[report] iter=30 test PSNR mean=11.83dB min=11.77 max=11.89 (3/3 views) [19/05 12:15:15]
[report] iter=30 test LPIPS mean=0.6594 min=0.6555 max=0.6633 [19/05 12:15:15]
[report] iter=30 train PSNR mean=11.83dB min=11.77 max=11.89 (3/3 views) [19/05 12:15:17]
[report] iter=30 train LPIPS mean=0.6594 min=0.6555 max=0.6633 [19/05 12:15:17]
[report] iter=30 no trajectory views selected — skipping trajectory MP4 [19/05 12:15:17]
[trajectory_eval] → output/step3_grad_mask_smoke/trajectory_eval  n=9 ATE=None [19/05 12:15:18]

[streaming] Training complete. [19/05 12:15:18]

Training complete. [19/05 12:15:18]
